// Jest Snapshot v1, https://goo.gl/fbAQLP

exports[`Input should support size 1`] = `
<input
  class="fishd-input fishd-input-lg"
  type="text"
/>
`;
