// Jest Snapshot v1, https://goo.gl/fbAQLP

exports[`Renders select demo correctly 1`] = `
<div>
  <div
    class="demo-select"
  >
    <div
      class="fishd-select"
      style="width:300px"
    >
      <div
        class="fishd-select-content"
      >
        <div
          class="fishd-select-caret"
        >
          <i
            class="fishdicon fishdicon-down-fill"
          />
        </div>
        <div
          class="fishd-select-placeholder"
        >
          请选择
        </div>
      </div>
    </div>
    <br />
    <div
      class="fishd-select"
      style="width:300px"
    >
      <div
        class="fishd-select-content"
      >
        <div
          class="fishd-select-caret"
        >
          <i
            class="fishdicon fishdicon-down-fill"
          />
        </div>
        <div
          class="fishd-select-placeholder"
        >
          请选择
        </div>
      </div>
    </div>
    <br />
    <div
      class="fishd-select fishd-select-disabled"
      style="width:300px"
    >
      <div
        class="fishd-select-content"
      >
        <div
          class="fishd-select-caret"
        >
          <i
            class="fishdicon fishdicon-down-fill"
          />
        </div>
        <div
          class="fishd-select-placeholder"
        >
          请选择
        </div>
      </div>
    </div>
  </div>
  <div
    class="demo-select"
  >
    <div
      class="fishd-select"
      style="width:300px"
    >
      <div
        class="fishd-select-content"
      >
        <div
          class="fishd-select-caret"
        >
          <i
            class="fishdicon fishdicon-down-fill"
          />
        </div>
        <div
          class="fishd-select-placeholder"
        >
          请选择
        </div>
      </div>
    </div>
  </div>
  <div
    class="demo-select"
  >
    <div
      class="fishd-select"
      style="width:300px;margin:10px;padding-right:0"
    >
      <div
        class="fishd-select-content"
      >
        <div
          class="fishd-select-placeholder"
        >
          请选择
        </div>
      </div>
    </div>
  </div>
  <div
    class="demo-select"
  >
    <div
      class="fishd-select"
      style="width:300px"
    >
      <div
        class="fishd-select-content"
      >
        <div
          class="fishd-select-caret"
        >
          <i
            class="fishdicon fishdicon-down-fill"
          />
        </div>
        <div
          class="fishd-select-placeholder"
        >
          请选择
        </div>
      </div>
    </div>
  </div>
  <div
    class="demo-select"
  >
    <div
      class="fishd-radio-group fishd-radio-group-outline"
      style="width:300px;margin:10px"
    >
      <label
        class="fishd-radio-button-wrapper"
      >
        <span
          class="fishd-radio-button"
        >
          <input
            class="fishd-radio-button-input"
            type="radio"
            value="large"
          />
          <span
            class="fishd-radio-button-inner"
          />
        </span>
        <span>
          Large
        </span>
      </label>
      <label
        class="fishd-radio-button-wrapper fishd-radio-button-wrapper-checked"
      >
        <span
          class="fishd-radio-button fishd-radio-button-checked"
        >
          <input
            checked=""
            class="fishd-radio-button-input"
            type="radio"
            value="default"
          />
          <span
            class="fishd-radio-button-inner"
          />
        </span>
        <span>
          Default
        </span>
      </label>
      <label
        class="fishd-radio-button-wrapper"
      >
        <span
          class="fishd-radio-button"
        >
          <input
            class="fishd-radio-button-input"
            type="radio"
            value="small"
          />
          <span
            class="fishd-radio-button-inner"
          />
        </span>
        <span>
          Small
        </span>
      </label>
    </div>
    <br />
    <div
      class="fishd-select"
      style="width:300px;margin:10px"
    >
      <div
        class="fishd-select-content"
      >
        <div
          class="fishd-select-caret"
        >
          <i
            class="fishdicon fishdicon-down-fill"
          />
        </div>
        <div
          class="fishd-select-placeholder"
        >
          请选择
        </div>
      </div>
    </div>
    <br />
    <div
      class="fishd-select"
      style="width:300px;margin:10px"
    >
      <div
        class="fishd-select-content"
      >
        <div
          class="fishd-select-caret"
        >
          <i
            class="fishdicon fishdicon-down-fill"
          />
        </div>
        <div
          class="fishd-select-placeholder"
        >
          请选择
        </div>
        <div
          class="fishd-select-option-multiple"
          title=""
        />
      </div>
    </div>
    <br />
    <div
      class="fishd-select"
      style="width:300px;margin:10px;padding-right:0"
    >
      <div
        class="fishd-select-content"
      >
        <div
          class="fishd-select-placeholder"
        >
          请选择
        </div>
      </div>
    </div>
  </div>
  <div
    class="demo-select"
  >
    <div
      class="fishd-select"
      style="width:300px"
    >
      <div
        class="fishd-select-content"
      >
        <div
          class="fishd-select-caret"
        >
          <i
            class="fishdicon fishdicon-down-fill"
          />
        </div>
        <div
          class="fishd-select-option-single"
        >
          1
        </div>
      </div>
    </div>
  </div>
  <div
    class="demo-select"
  >
    <div
      class="demo-select-label"
    >
      <div>
        <span
          class="label"
        >
          Key: 
        </span>
        fish
      </div>
      <div>
        <span
          class="label"
        >
          Label:
        </span>
        Fish
      </div>
    </div>
    <div
      class="fishd-select"
      style="width:300px"
    >
      <div
        class="fishd-select-content"
      >
        <div
          class="fishd-select-caret"
        >
          <i
            class="fishdicon fishdicon-down-fill"
          />
        </div>
        <div
          class="fishd-select-option-single"
        >
          Fish
        </div>
      </div>
    </div>
  </div>
  <div
    class="demo-select"
  >
    <div
      class="fishd-select"
      style="width:150px;display:inline-block;margin-right:5px"
    >
      <div
        class="fishd-select-content"
      >
        <div
          class="fishd-select-caret"
        >
          <i
            class="fishdicon fishdicon-down-fill"
          />
        </div>
        <div
          class="fishd-select-option-single"
        >
          Zhejiang
        </div>
      </div>
    </div>
    <div
      class="fishd-select"
      style="width:150px;display:inline-block"
    >
      <div
        class="fishd-select-content"
      >
        <div
          class="fishd-select-caret"
        >
          <i
            class="fishdicon fishdicon-down-fill"
          />
        </div>
        <div
          class="fishd-select-option-single"
        >
          Hangzhou
        </div>
      </div>
    </div>
  </div>
  <div
    class="demo-select"
  >
    <div
      class="fishd-select"
      style="width:300px"
    >
      <div
        class="fishd-select-content"
      >
        <div
          class="fishd-select-caret"
        >
          <i
            class="fishdicon fishdicon-down-fill"
          />
        </div>
        <div
          class="fishd-select-option-multiple"
          title=""
        >
          <span
            class="fishd-select-option-multiple-option"
          >
            <span>
              Fish
            </span>
            、
          </span>
          <span
            class="fishd-select-option-multiple-option"
          >
            <span>
              ccc
            </span>
          </span>
        </div>
      </div>
    </div>
    <br />
    <div
      class="fishd-select"
      style="width:300px;padding-right:0;height:auto"
    >
      <div
        class="fishd-select-content"
      >
        <div
          class="fishd-select-option-clearable-list"
        >
          <div
            class="fishd-select-option-clearable-option"
            style="width:auto"
          >
            <span
              class="fishd-select-option-clearable-option-content"
            >
              Fish
            </span>
            <span
              class="fishd-select-option-clearable-option-close"
            >
              <i
                class="fishdicon fishdicon-close-modal-line"
              />
            </span>
          </div>
          <div
            class="fishd-select-option-clearable-option"
            style="width:auto"
          >
            <span
              class="fishd-select-option-clearable-option-content"
            >
              ccc
            </span>
            <span
              class="fishd-select-option-clearable-option-close"
            >
              <i
                class="fishdicon fishdicon-close-modal-line"
              />
            </span>
          </div>
        </div>
      </div>
    </div>
  </div>
  <div
    class="demo-select"
  >
    <div
      class="fishd-select"
      style="width:300px"
    >
      <div
        class="fishd-select-content"
      >
        <div
          class="fishd-select-caret"
        >
          <i
            class="fishdicon fishdicon-down-fill"
          />
        </div>
        <div
          class="fishd-select-option-single"
        >
          选项1
        </div>
      </div>
    </div>
    <br />
    <div
      class="fishd-select"
      style="width:300px"
    >
      <div
        class="fishd-select-content"
      >
        <div
          class="fishd-select-caret"
        >
          <i
            class="fishdicon fishdicon-down-fill"
          />
        </div>
        <div
          class="fishd-select-option-multiple"
          title=""
        >
          <span
            class="fishd-select-option-multiple-option"
          >
            <span>
              选项1
            </span>
          </span>
        </div>
      </div>
    </div>
  </div>
  <div
    class="demo-select"
  >
    <div
      class="fishd-select fishd-select-small"
      style="width:300px"
    >
      <div
        class="fishd-select-loading"
      >
        <div>
          <div
            class="fishd-spin-container"
            style="height:32px;justify-content:left"
          >
            <div
              class="fishd-spin fishd-spin-sm fishd-spin-spinning fishd-spin-show-text"
            >
              <span
                class="fishd-spin-dot fishd-spin-dot-spin"
              >
                <i />
                <i />
                <i />
                <i />
              </span>
              <span
                class="fishd-spin-text"
              >
                加载中...
              </span>
            </div>
          </div>
        </div>
      </div>
    </div>
    <br />
    <div
      class="fishd-select"
      style="width:300px"
    >
      <div
        class="fishd-select-loading"
      >
        <div>
          <div
            class="fishd-spin-container"
            style="height:32px;justify-content:left"
          >
            <div
              class="fishd-spin fishd-spin-sm fishd-spin-spinning fishd-spin-show-text"
            >
              <span
                class="fishd-spin-dot fishd-spin-dot-spin"
              >
                <i />
                <i />
                <i />
                <i />
              </span>
              <span
                class="fishd-spin-text"
              >
                加载中...
              </span>
            </div>
          </div>
        </div>
      </div>
    </div>
    <br />
    <div
      class="fishd-select fishd-select-large"
      style="width:300px"
    >
      <div
        class="fishd-select-loading"
      >
        <div>
          <div
            class="fishd-spin-container"
            style="height:32px;justify-content:left"
          >
            <div
              class="fishd-spin fishd-spin-sm fishd-spin-spinning fishd-spin-show-text"
            >
              <span
                class="fishd-spin-dot fishd-spin-dot-spin"
              >
                <i />
                <i />
                <i />
                <i />
              </span>
              <span
                class="fishd-spin-text"
              >
                加载中...
              </span>
            </div>
          </div>
        </div>
      </div>
    </div>
  </div>
  <div
    class="demo-select"
  >
    <input
      class="fishd-input"
      placeholder="输入宽度"
      style="margin-bottom:20px;width:200px"
      type="text"
      value="200"
    />
    <div>
      <div
        class="fishd-radio-group fishd-radio-group-outline"
        style="margin-bottom:20px"
      >
        <label
          class="fishd-radio-button-wrapper fishd-radio-button-wrapper-checked"
        >
          <span
            class="fishd-radio-button fishd-radio-button-checked"
          >
            <input
              checked=""
              class="fishd-radio-button-input"
              type="radio"
              value="bottomLeft"
            />
            <span
              class="fishd-radio-button-inner"
            />
          </span>
          <span>
            bottomLeft
          </span>
        </label>
        <label
          class="fishd-radio-button-wrapper"
        >
          <span
            class="fishd-radio-button"
          >
            <input
              class="fishd-radio-button-input"
              type="radio"
              value="bottomCenter"
            />
            <span
              class="fishd-radio-button-inner"
            />
          </span>
          <span>
            bottomCenter
          </span>
        </label>
        <label
          class="fishd-radio-button-wrapper"
        >
          <span
            class="fishd-radio-button"
          >
            <input
              class="fishd-radio-button-input"
              type="radio"
              value="bottomRight"
            />
            <span
              class="fishd-radio-button-inner"
            />
          </span>
          <span>
            bottomRight
          </span>
        </label>
        <label
          class="fishd-radio-button-wrapper"
        >
          <span
            class="fishd-radio-button"
          >
            <input
              class="fishd-radio-button-input"
              type="radio"
              value="topLeft"
            />
            <span
              class="fishd-radio-button-inner"
            />
          </span>
          <span>
            topLeft
          </span>
        </label>
        <label
          class="fishd-radio-button-wrapper"
        >
          <span
            class="fishd-radio-button"
          >
            <input
              class="fishd-radio-button-input"
              type="radio"
              value="topCenter"
            />
            <span
              class="fishd-radio-button-inner"
            />
          </span>
          <span>
            topCenter
          </span>
        </label>
        <label
          class="fishd-radio-button-wrapper"
        >
          <span
            class="fishd-radio-button"
          >
            <input
              class="fishd-radio-button-input"
              type="radio"
              value="topRight"
            />
            <span
              class="fishd-radio-button-inner"
            />
          </span>
          <span>
            topRight
          </span>
        </label>
      </div>
    </div>
    <div
      class="fishd-select"
      style="width:300px"
    >
      <div
        class="fishd-select-content"
      >
        <div
          class="fishd-select-caret"
        >
          <i
            class="fishdicon fishdicon-down-fill"
          />
        </div>
        <div
          class="fishd-select-option-single"
        >
          选项1
        </div>
      </div>
    </div>
  </div>
  <div
    class="demo-select"
  >
    <div
      class="fishd-select"
      style="width:300px"
    >
      <div
        class="fishd-select-content"
      >
        <div
          class="fishd-select-caret"
        >
          <i
            class="fishdicon fishdicon-down-fill"
          />
        </div>
        <div
          class="fishd-select-placeholder"
        >
          请选择
        </div>
      </div>
    </div>
  </div>
  <div
    class="demo-select"
  >
    <div
      class="fishd-select"
      style="width:300px"
    >
      <div
        class="fishd-select-content"
      >
        <div
          class="fishd-select-caret"
        >
          <i
            class="fishdicon fishdicon-down-fill"
          />
        </div>
        <div
          class="fishd-select-placeholder"
        >
          请选择
        </div>
        <div
          class="fishd-select-option-multiple"
          title=""
        />
      </div>
    </div>
  </div>
</div>
`;
