// Jest Snapshot v1, https://goo.gl/fbAQLP

exports[`Renders layout demo correctly 1`] = `
<div>
  <div
    id="components-layout-demo-basic"
  >
    <section
      class="fishd-layout"
    >
      <header
        class="fishd-layout-header"
      >
        Header
      </header>
      <main
        class="fishd-layout-content"
      >
        Content
      </main>
      <footer
        class="fishd-layout-footer"
      >
        Footer
      </footer>
    </section>
    <section
      class="fishd-layout"
    >
      <header
        class="fishd-layout-header"
      >
        Header
      </header>
      <section
        class="fishd-layout"
      >
        <aside
          class="fishd-layout-sider fishd-layout-sider-dark"
          style="flex:0 0 160px;max-width:160px;min-width:160px;width:160px"
        >
          <div
            class="fishd-layout-sider-children"
          >
            Sider
          </div>
        </aside>
        <main
          class="fishd-layout-content"
        >
          Content
        </main>
      </section>
      <footer
        class="fishd-layout-footer"
      >
        Footer
      </footer>
    </section>
    <section
      class="fishd-layout"
    >
      <header
        class="fishd-layout-header"
      >
        Header
      </header>
      <section
        class="fishd-layout"
      >
        <main
          class="fishd-layout-content"
        >
          Content
        </main>
        <aside
          class="fishd-layout-sider fishd-layout-sider-dark"
          style="flex:0 0 160px;max-width:160px;min-width:160px;width:160px"
        >
          <div
            class="fishd-layout-sider-children"
          >
            Sider
          </div>
        </aside>
      </section>
      <footer
        class="fishd-layout-footer"
      >
        Footer
      </footer>
    </section>
    <section
      class="fishd-layout"
    >
      <aside
        class="fishd-layout-sider fishd-layout-sider-dark"
        style="flex:0 0 160px;max-width:160px;min-width:160px;width:160px"
      >
        <div
          class="fishd-layout-sider-children"
        >
          Sider
        </div>
      </aside>
      <section
        class="fishd-layout"
      >
        <header
          class="fishd-layout-header"
        >
          Header
        </header>
        <main
          class="fishd-layout-content"
        >
          Content
        </main>
        <footer
          class="fishd-layout-footer"
        >
          Footer
        </footer>
      </section>
    </section>
  </div>
  <section
    class="fishd-layout components-layout-demo-side"
  >
    <aside
      class="fishd-layout-sider fishd-layout-sider-dark fishd-layout-sider-has-trigger"
      style="flex:0 0 160px;max-width:160px;min-width:160px;width:160px"
    >
      <div
        class="fishd-layout-sider-children"
      >
        <div
          class="logo"
        >
          <img
            class="img-icon-14 fishdicon"
          />
          <span
            class="logo-text"
          >
            Fish Design
          </span>
        </div>
        <ul
          class="fishd-menu fishd-menu-root fishd-menu-inline fishd-menu-dark"
          data-menu-list="true"
          dir="ltr"
          role="menu"
          tabindex="0"
        >
          <li
            class="fishd-menu-item"
            role="menuitem"
            style="padding-left:24px"
            tabindex="-1"
          >
            <span
              class="fishd-menu-title-content"
            >
              <div
                class="img-icon-14 fishdicon"
              />
              <span>
                功能项一
              </span>
            </span>
          </li>
          <li
            class="fishd-menu-item fishd-menu-item-selected"
            role="menuitem"
            style="padding-left:24px"
            tabindex="-1"
          >
            <span
              class="fishd-menu-title-content"
            >
              <div
                class="img-icon-14 fishdicon"
              />
              <span>
                功能项二
              </span>
            </span>
          </li>
          <li
            class="fishd-menu-item"
            role="menuitem"
            style="padding-left:24px"
            tabindex="-1"
          >
            <span
              class="fishd-menu-title-content"
            >
              <div
                class="img-icon-14 fishdicon"
              />
              <span>
                功能项三
              </span>
            </span>
          </li>
          <li
            class="fishd-menu-item"
            role="menuitem"
            style="padding-left:24px"
            tabindex="-1"
          >
            <span
              class="fishd-menu-title-content"
            >
              <div
                class="img-icon-14 fishdicon"
              />
              <span>
                功能项四
              </span>
            </span>
          </li>
          <li
            class="fishd-menu-submenu fishd-menu-submenu-inline"
            role="none"
          >
            <div
              aria-expanded="false"
              aria-haspopup="true"
              class="fishd-menu-submenu-title"
              role="menuitem"
              style="padding-left:24px"
              tabindex="-1"
            >
              <span
                class="fishd-menu-title-content"
              >
                <span>
                  <div
                    class="img-icon-14 fishdicon"
                  />
                  <span>
                    功能项四
                  </span>
                </span>
              </span>
              <i
                class="fishd-menu-submenu-arrow"
              />
            </div>
          </li>
          <li
            class="fishd-menu-item"
            role="menuitem"
            style="padding-left:24px"
            tabindex="-1"
          >
            <span
              class="fishd-menu-title-content"
            >
              <div
                class="img-icon-14 fishdicon"
              />
              <span>
                功能项五
              </span>
            </span>
          </li>
          <li
            class="fishd-menu-item"
            role="menuitem"
            style="padding-left:24px"
            tabindex="-1"
          >
            <span
              class="fishd-menu-title-content"
            >
              <div
                class="img-icon-14 fishdicon"
              />
              <span>
                功能项六
              </span>
            </span>
          </li>
        </ul>
        <div
          aria-hidden="true"
          style="display:none"
        />
      </div>
      <div
        class="fishd-layout-sider-trigger"
        style="width:160px"
      >
        <i
          class="fishdicon fishdicon-left"
        />
      </div>
    </aside>
    <section
      class="fishd-layout"
    >
      <header
        class="fishd-layout-header"
        style="background:#fff;padding:0"
      />
      <main
        class="fishd-layout-content"
      >
        <div
          class="components-layout-demo-side-content"
        >
          内容模块
        </div>
      </main>
      <footer
        class="fishd-layout-footer"
        style="text-align:center"
      >
        Fish Design
      </footer>
    </section>
  </section>
  <section
    class="fishd-layout components-layout-demo-custom-trigger"
  >
    <aside
      class="fishd-layout-sider fishd-layout-sider-dark"
      style="flex:0 0 160px;max-width:160px;min-width:160px;width:160px"
    >
      <div
        class="fishd-layout-sider-children"
      >
        <div
          class="logo"
        >
          <img
            class="img-icon-14 fishdicon"
          />
          <span
            class="logo-text"
          >
            Fish Design
          </span>
        </div>
        <ul
          class="fishd-menu fishd-menu-root fishd-menu-inline fishd-menu-dark"
          data-menu-list="true"
          dir="ltr"
          role="menu"
          tabindex="0"
        >
          <li
            class="fishd-menu-item-group"
          >
            <div
              class="fishd-menu-item-group-title"
              title="功能分类1"
            >
              功能分类1
            </div>
            <ul
              class="fishd-menu-item-group-list"
            >
              <li
                class="fishd-menu-item"
                role="menuitem"
                style="padding-left:24px"
                tabindex="-1"
              >
                <span
                  class="fishd-menu-title-content"
                >
                  <div
                    class="img-icon-14 fishdicon"
                  />
                  <span>
                    功能项一
                  </span>
                </span>
              </li>
              <li
                class="fishd-menu-item fishd-menu-item-selected"
                role="menuitem"
                style="padding-left:24px"
                tabindex="-1"
              >
                <span
                  class="fishd-menu-title-content"
                >
                  <div
                    class="img-icon-14 fishdicon"
                  />
                  <span>
                    功能项二
                  </span>
                </span>
              </li>
            </ul>
          </li>
          <li
            class="fishd-menu-item-group"
          >
            <div
              class="fishd-menu-item-group-title"
              title="功能分类2"
            >
              功能分类2
            </div>
            <ul
              class="fishd-menu-item-group-list"
            >
              <li
                class="fishd-menu-item"
                role="menuitem"
                style="padding-left:24px"
                tabindex="-1"
              >
                <span
                  class="fishd-menu-title-content"
                >
                  <div
                    class="img-icon-14 fishdicon"
                  />
                  <span>
                    功能项三
                  </span>
                </span>
              </li>
              <li
                class="fishd-menu-item"
                role="menuitem"
                style="padding-left:24px"
                tabindex="-1"
              >
                <span
                  class="fishd-menu-title-content"
                >
                  <div
                    class="img-icon-14 fishdicon"
                  />
                  <span>
                    功能项四
                  </span>
                </span>
              </li>
              <li
                class="fishd-menu-item"
                role="menuitem"
                style="padding-left:24px"
                tabindex="-1"
              >
                <span
                  class="fishd-menu-title-content"
                >
                  <div
                    class="img-icon-14 fishdicon"
                  />
                  <span>
                    功能项五
                  </span>
                </span>
              </li>
              <li
                class="fishd-menu-item"
                role="menuitem"
                style="padding-left:24px"
                tabindex="-1"
              >
                <span
                  class="fishd-menu-title-content"
                >
                  <div
                    class="img-icon-14 fishdicon"
                  />
                  <span>
                    功能项六
                  </span>
                </span>
              </li>
            </ul>
          </li>
        </ul>
        <div
          aria-hidden="true"
          style="display:none"
        />
      </div>
    </aside>
    <section
      class="fishd-layout"
    >
      <header
        class="fishd-layout-header"
        style="background:#fff;padding:0"
      >
        <i
          class="fishdicon fishdicon-menu-line trigger"
        />
        <span
          class="trigger-split-line"
        />
      </header>
      <main
        class="fishd-layout-content"
      >
        <div
          class="components-layout-demo-custom-trigger-content"
        >
          内容模块
        </div>
      </main>
    </section>
  </section>
  <section
    class="fishd-layout components-layout-demo-responsive"
  >
    <aside
      class="fishd-layout-sider fishd-layout-sider-dark"
      style="flex:0 0 160px;max-width:160px;min-width:160px;width:160px"
    >
      <div
        class="fishd-layout-sider-children"
      >
        <div
          class="logo"
        >
          <img
            class="img-icon-14 fishdicon"
          />
          <span
            class="logo-text"
          >
            Fish Design
          </span>
        </div>
        <ul
          class="fishd-menu fishd-menu-root fishd-menu-inline fishd-menu-dark"
          data-menu-list="true"
          dir="ltr"
          role="menu"
          tabindex="0"
        >
          <li
            class="fishd-menu-item"
            role="menuitem"
            style="padding-left:24px"
            tabindex="-1"
          >
            <span
              class="fishd-menu-title-content"
            >
              <div
                class="img-icon-14 fishdicon"
              />
              <span>
                功能项一
              </span>
            </span>
          </li>
          <li
            class="fishd-menu-item fishd-menu-item-selected"
            role="menuitem"
            style="padding-left:24px"
            tabindex="-1"
          >
            <span
              class="fishd-menu-title-content"
            >
              <div
                class="img-icon-14 fishdicon"
              />
              <span>
                功能项二
              </span>
            </span>
          </li>
          <li
            class="fishd-menu-item"
            role="menuitem"
            style="padding-left:24px"
            tabindex="-1"
          >
            <span
              class="fishd-menu-title-content"
            >
              <div
                class="img-icon-14 fishdicon"
              />
              <span>
                功能项三
              </span>
            </span>
          </li>
          <li
            class="fishd-menu-item"
            role="menuitem"
            style="padding-left:24px"
            tabindex="-1"
          >
            <span
              class="fishd-menu-title-content"
            >
              <div
                class="img-icon-14 fishdicon"
              />
              <span>
                功能项四
              </span>
            </span>
          </li>
          <li
            class="fishd-menu-item"
            role="menuitem"
            style="padding-left:24px"
            tabindex="-1"
          >
            <span
              class="fishd-menu-title-content"
            >
              <div
                class="img-icon-14 fishdicon"
              />
              <span>
                功能项五
              </span>
            </span>
          </li>
          <li
            class="fishd-menu-item"
            role="menuitem"
            style="padding-left:24px"
            tabindex="-1"
          >
            <span
              class="fishd-menu-title-content"
            >
              <div
                class="img-icon-14 fishdicon"
              />
              <span>
                功能项六
              </span>
            </span>
          </li>
        </ul>
        <div
          aria-hidden="true"
          style="display:none"
        />
      </div>
    </aside>
    <section
      class="fishd-layout"
    >
      <header
        class="fishd-layout-header"
        style="background:#fff;padding:0"
      />
      <main
        class="fishd-layout-content"
      >
        <div
          class="components-layout-demo-responsive-content"
        >
          内容模块
        </div>
      </main>
      <footer
        class="fishd-layout-footer"
        style="text-align:center"
      >
        Fish Design
      </footer>
    </section>
  </section>
</div>
`;
