// Jest Snapshot v1, https://goo.gl/fbAQLP

exports[`List renders empty list 1`] = `
<div
  class="fishd-list fishd-list-split"
>
  <div
    class="fishd-spin-nested-loading"
  >
    <div
      class="fishd-spin-nested"
    >
      <div>
        <div
          class="fishd-list-empty-text"
        >
          暂无数据
        </div>
      </div>
    </div>
  </div>
</div>
`;
