// Jest Snapshot v1, https://goo.gl/fbAQLP

exports[`FormHook Form item hidden noStyle should not work when hidden 1`] = `
<form
  class="fishd-formHook fishd-formHook-horizontal"
>
  <div
    class="fishd-row fishd-formHook-item fishd-formHook-item-hidden"
  >
    <div
      class="fishd-formHook-item-control"
    >
      <div
        class="fishd-formHook-item-control-input"
      >
        <div
          class="fishd-formHook-item-control-input-content"
        >
          <input
            class="fishd-input"
            id="light"
            type="text"
            value=""
          />
        </div>
      </div>
    </div>
  </div>
</form>
`;

exports[`FormHook Form item hidden should work 1`] = `
<form
  class="fishd-formHook fishd-formHook-horizontal"
>
  <div
    class="fishd-row fishd-formHook-item fishd-formHook-item-hidden"
  >
    <div
      class="fishd-formHook-item-control"
    >
      <div
        class="fishd-formHook-item-control-input"
      >
        <div
          class="fishd-formHook-item-control-input-content"
        >
          <input
            class="fishd-input"
            id="light"
            type="text"
            value=""
          />
        </div>
      </div>
    </div>
  </div>
</form>
`;

exports[`FormHook Form.Item should support data-*„ÄÅaria-* and custom attribute 1`] = `
<form
  class="fishd-formHook fishd-formHook-horizontal"
>
  <div
    aria-hidden="true"
    cccc="bbbb"
    class="fishd-row fishd-formHook-item"
    data-text="123"
  >
    <div
      class="fishd-formHook-item-control"
    >
      <div
        class="fishd-formHook-item-control-input"
      >
        <div
          class="fishd-formHook-item-control-input-content"
        >
          text
        </div>
      </div>
    </div>
  </div>
</form>
`;
