// Jest Snapshot v1, https://goo.gl/fbAQLP

exports[`Form.List should render empty without errors 1`] = `null`;
