// Jest Snapshot v1, https://goo.gl/fbAQLP

exports[`Renders menu demo correctly 1`] = `
<div>
  <ul
    class="fishd-menu-overflow fishd-menu fishd-menu-root fishd-menu-horizontal fishd-menu-light"
    data-menu-list="true"
    dir="ltr"
    role="menu"
    tabindex="0"
  >
    <li
      class="fishd-menu-overflow-item fishd-menu-item fishd-menu-item-selected"
      role="menuitem"
      style="opacity:1;order:0"
      tabindex="-1"
    >
      <span
        class="fishd-menu-title-content"
      >
        <div
          class="img-icon-12 fishdicon"
        />
        Nav1
      </span>
    </li>
    <li
      class="fishd-menu-overflow-item fishd-menu-item"
      role="menuitem"
      style="opacity:1;order:1"
      tabindex="-1"
    >
      <span
        class="fishd-menu-title-content"
      >
        <div
          class="img-icon-12 fishdicon"
        />
        Nav2
      </span>
    </li>
    <li
      class="fishd-menu-overflow-item fishd-menu-submenu fishd-menu-submenu-horizontal"
      role="none"
      style="opacity:1;order:2"
    >
      <div
        aria-expanded="false"
        aria-haspopup="true"
        class="fishd-menu-submenu-title"
        role="menuitem"
        tabindex="-1"
      >
        <span
          class="fishd-menu-title-content"
        >
          <span>
            <div
              class="img-icon-12 fishdicon"
            />
            Nav3 - Submenu
          </span>
        </span>
        <i
          class="fishd-menu-submenu-arrow"
        />
      </div>
    </li>
    <li
      aria-disabled="true"
      class="fishd-menu-overflow-item fishd-menu-item fishd-menu-item-disabled fishd-menu-item-only-child"
      role="menuitem"
      style="opacity:1;order:3"
    >
      <span
        class="fishd-menu-title-content"
      >
        Nav4 - Disabled
      </span>
    </li>
    <li
      class="fishd-menu-overflow-item fishd-menu-item fishd-menu-item-only-child"
      role="menuitem"
      style="opacity:1;order:4"
      tabindex="-1"
    >
      <span
        class="fishd-menu-title-content"
      >
        <a
          href="https://www.163.com"
          rel="noopener noreferrer"
          target="_blank"
        >
          Nav5 - Link
        </a>
      </span>
    </li>
    <li
      aria-hidden="true"
      class="fishd-menu-overflow-item fishd-menu-overflow-item-rest fishd-menu-submenu fishd-menu-submenu-horizontal"
      role="none"
      style="opacity:0;height:0;overflow-y:hidden;order:9007199254740991;pointer-events:none;position:absolute"
    >
      <div
        aria-expanded="false"
        aria-haspopup="true"
        class="fishd-menu-submenu-title"
        role="menuitem"
        tabindex="-1"
      >
        <i
          class="fishdicon fishdicon-more-point"
        />
        <i
          class="fishd-menu-submenu-arrow"
        />
      </div>
    </li>
  </ul>
  <div
    aria-hidden="true"
    style="display:none"
  />
  <ul
    class="fishd-menu fishd-menu-root fishd-menu-vertical fishd-menu-light"
    data-menu-list="true"
    dir="ltr"
    role="menu"
    style="width:256px"
    tabindex="0"
  >
    <li
      class="fishd-menu-submenu fishd-menu-submenu-vertical"
      role="none"
    >
      <div
        aria-expanded="false"
        aria-haspopup="true"
        class="fishd-menu-submenu-title"
        role="menuitem"
        tabindex="-1"
      >
        <span
          class="fishd-menu-title-content"
        >
          <span>
            Navigation One
          </span>
        </span>
        <i
          class="fishd-menu-submenu-arrow"
        />
      </div>
    </li>
    <li
      class="fishd-menu-submenu fishd-menu-submenu-vertical"
      role="none"
    >
      <div
        aria-expanded="false"
        aria-haspopup="true"
        class="fishd-menu-submenu-title"
        role="menuitem"
        tabindex="-1"
      >
        <span
          class="fishd-menu-title-content"
        >
          <span>
            Navigation Two
          </span>
        </span>
        <i
          class="fishd-menu-submenu-arrow"
        />
      </div>
    </li>
    <li
      class="fishd-menu-submenu fishd-menu-submenu-vertical"
      role="none"
    >
      <div
        aria-expanded="false"
        aria-haspopup="true"
        class="fishd-menu-submenu-title"
        role="menuitem"
        tabindex="-1"
      >
        <span
          class="fishd-menu-title-content"
        >
          <span>
            Navigation Three
          </span>
        </span>
        <i
          class="fishd-menu-submenu-arrow"
        />
      </div>
    </li>
  </ul>
  <div
    aria-hidden="true"
    style="display:none"
  />
  <ul
    class="fishd-menu fishd-menu-root fishd-menu-inline fishd-menu-light"
    data-menu-list="true"
    dir="ltr"
    role="menu"
    style="width:256px"
    tabindex="0"
  >
    <li
      class="fishd-menu-submenu fishd-menu-submenu-inline fishd-menu-submenu-open"
      role="none"
    >
      <div
        aria-expanded="true"
        aria-haspopup="true"
        class="fishd-menu-submenu-title"
        role="menuitem"
        style="padding-left:24px"
        tabindex="-1"
      >
        <span
          class="fishd-menu-title-content"
        >
          <span>
            <div
              class="img-icon-12 fishdicon"
            />
            Navigation One
          </span>
        </span>
        <i
          class="fishd-menu-submenu-arrow"
        />
      </div>
      <ul
        class="fishd-menu fishd-menu-sub fishd-menu-inline"
        data-menu-list="true"
      >
        <li
          class="fishd-menu-item-group"
        >
          <div
            class="fishd-menu-item-group-title"
            title="Item 1"
          >
            Item 1
          </div>
          <ul
            class="fishd-menu-item-group-list"
          >
            <li
              class="fishd-menu-item fishd-menu-item-selected fishd-menu-item-only-child"
              role="menuitem"
              style="padding-left:48px"
              tabindex="-1"
            >
              <span
                class="fishd-menu-title-content"
              >
                Option 1
              </span>
            </li>
            <li
              class="fishd-menu-item fishd-menu-item-only-child"
              role="menuitem"
              style="padding-left:48px"
              tabindex="-1"
            >
              <span
                class="fishd-menu-title-content"
              >
                Option 2
              </span>
            </li>
          </ul>
        </li>
        <li
          class="fishd-menu-item-group"
        >
          <div
            class="fishd-menu-item-group-title"
            title="Item 2"
          >
            Item 2
          </div>
          <ul
            class="fishd-menu-item-group-list"
          >
            <li
              class="fishd-menu-item fishd-menu-item-only-child"
              role="menuitem"
              style="padding-left:48px"
              tabindex="-1"
            >
              <span
                class="fishd-menu-title-content"
              >
                Option 3
              </span>
            </li>
            <li
              class="fishd-menu-item fishd-menu-item-only-child"
              role="menuitem"
              style="padding-left:48px"
              tabindex="-1"
            >
              <span
                class="fishd-menu-title-content"
              >
                Option 4
              </span>
            </li>
          </ul>
        </li>
      </ul>
    </li>
    <li
      class="fishd-menu-submenu fishd-menu-submenu-inline"
      role="none"
    >
      <div
        aria-expanded="false"
        aria-haspopup="true"
        class="fishd-menu-submenu-title"
        role="menuitem"
        style="padding-left:24px"
        tabindex="-1"
      >
        <span
          class="fishd-menu-title-content"
        >
          <span>
            <div
              class="img-icon-12 fishdicon"
            />
            Navigation Two
          </span>
        </span>
        <i
          class="fishd-menu-submenu-arrow"
        />
      </div>
    </li>
    <li
      class="fishd-menu-submenu fishd-menu-submenu-inline"
      role="none"
    >
      <div
        aria-expanded="false"
        aria-haspopup="true"
        class="fishd-menu-submenu-title"
        role="menuitem"
        style="padding-left:24px"
        tabindex="-1"
      >
        <span
          class="fishd-menu-title-content"
        >
          <span>
            <div
              class="img-icon-12 fishdicon"
            />
            Navigation Three
          </span>
        </span>
        <i
          class="fishd-menu-submenu-arrow"
        />
      </div>
    </li>
  </ul>
  <div
    aria-hidden="true"
    style="display:none"
  />
  <div
    style="width:256px"
  >
    <button
      class="fishd-btn fishd-btn-primary"
      style="margin:0 20px 20px 0"
      type="button"
    >
      <i
        class="fishdicon fishdicon-menu-line"
      />
    </button>
    <span
      class="fishd-switch"
      tabindex="0"
    >
      <span
        class="fishd-switch-inner"
      />
      <span
        class="fishd-switch-wave"
      />
    </span>
     Change Theme
    <ul
      class="fishd-menu fishd-menu-root fishd-menu-inline fishd-menu-light"
      data-menu-list="true"
      dir="ltr"
      role="menu"
      tabindex="0"
    >
      <li
        class="fishd-menu-item-group"
      >
        <div
          class="fishd-menu-item-group-title"
          title="MenuItemGroup 1"
        >
          MenuItemGroup 1
        </div>
        <ul
          class="fishd-menu-item-group-list"
        >
          <li
            class="fishd-menu-submenu fishd-menu-submenu-inline fishd-menu-submenu-open"
            role="none"
          >
            <div
              aria-expanded="true"
              aria-haspopup="true"
              class="fishd-menu-submenu-title"
              role="menuitem"
              style="padding-left:24px"
              tabindex="-1"
            >
              <span
                class="fishd-menu-title-content"
              >
                <span>
                  <div
                    class="img-icon-12 fishdicon"
                  />
                  <span>
                    Navigation One
                  </span>
                </span>
              </span>
              <i
                class="fishd-menu-submenu-arrow"
              />
            </div>
            <ul
              class="fishd-menu fishd-menu-sub fishd-menu-inline"
              data-menu-list="true"
            >
              <li
                class="fishd-menu-item fishd-menu-item-selected fishd-menu-item-only-child"
                role="menuitem"
                style="padding-left:48px"
                tabindex="-1"
              >
                <span
                  class="fishd-menu-title-content"
                >
                  Option 1
                </span>
              </li>
              <li
                class="fishd-menu-item fishd-menu-item-only-child"
                role="menuitem"
                style="padding-left:48px"
                tabindex="-1"
              >
                <span
                  class="fishd-menu-title-content"
                >
                  Option 2
                </span>
              </li>
              <li
                class="fishd-menu-item fishd-menu-item-only-child"
                role="menuitem"
                style="padding-left:48px"
                tabindex="-1"
              >
                <span
                  class="fishd-menu-title-content"
                >
                  Option 3
                </span>
              </li>
            </ul>
          </li>
        </ul>
      </li>
      <li
        class="fishd-menu-item-group"
      >
        <div
          class="fishd-menu-item-group-title"
          title="MenuItemGroup 2"
        >
          MenuItemGroup 2
        </div>
        <ul
          class="fishd-menu-item-group-list"
        >
          <li
            class="fishd-menu-submenu fishd-menu-submenu-inline"
            role="none"
          >
            <div
              aria-expanded="false"
              aria-haspopup="true"
              class="fishd-menu-submenu-title"
              role="menuitem"
              style="padding-left:24px"
              tabindex="-1"
            >
              <span
                class="fishd-menu-title-content"
              >
                <span>
                  <div
                    class="img-icon-12 fishdicon"
                  />
                  <span>
                    Navigation Two
                  </span>
                </span>
              </span>
              <i
                class="fishd-menu-submenu-arrow"
              />
            </div>
          </li>
          <li
            class="fishd-menu-submenu fishd-menu-submenu-inline"
            role="none"
          >
            <div
              aria-expanded="false"
              aria-haspopup="true"
              class="fishd-menu-submenu-title"
              role="menuitem"
              style="padding-left:24px"
              tabindex="-1"
            >
              <span
                class="fishd-menu-title-content"
              >
                <span>
                  <div
                    class="img-icon-12 fishdicon"
                  />
                  <span>
                    Navigation Three
                  </span>
                </span>
              </span>
              <i
                class="fishd-menu-submenu-arrow"
              />
            </div>
          </li>
        </ul>
      </li>
    </ul>
    <div
      aria-hidden="true"
      style="display:none"
    />
  </div>
  <ul
    class="fishd-menu fishd-menu-root fishd-menu-inline fishd-menu-light"
    data-menu-list="true"
    dir="ltr"
    role="menu"
    style="width:256px"
    tabindex="0"
  >
    <li
      class="fishd-menu-submenu fishd-menu-submenu-inline fishd-menu-submenu-open"
      role="none"
    >
      <div
        aria-expanded="true"
        aria-haspopup="true"
        class="fishd-menu-submenu-title"
        role="menuitem"
        style="padding-left:24px"
        tabindex="-1"
      >
        <span
          class="fishd-menu-title-content"
        >
          <span>
            Navigation One
          </span>
        </span>
        <i
          class="fishd-menu-submenu-arrow"
        />
      </div>
      <ul
        class="fishd-menu fishd-menu-sub fishd-menu-inline"
        data-menu-list="true"
      >
        <li
          class="fishd-menu-item fishd-menu-item-only-child"
          role="menuitem"
          style="padding-left:48px"
          tabindex="-1"
        >
          <span
            class="fishd-menu-title-content"
          >
            Option 1
          </span>
        </li>
        <li
          class="fishd-menu-item fishd-menu-item-only-child"
          role="menuitem"
          style="padding-left:48px"
          tabindex="-1"
        >
          <span
            class="fishd-menu-title-content"
          >
            Option 2
          </span>
        </li>
        <li
          class="fishd-menu-item fishd-menu-item-only-child"
          role="menuitem"
          style="padding-left:48px"
          tabindex="-1"
        >
          <span
            class="fishd-menu-title-content"
          >
            Option 3
          </span>
        </li>
        <li
          class="fishd-menu-item fishd-menu-item-only-child"
          role="menuitem"
          style="padding-left:48px"
          tabindex="-1"
        >
          <span
            class="fishd-menu-title-content"
          >
            Option 4
          </span>
        </li>
      </ul>
    </li>
    <li
      class="fishd-menu-submenu fishd-menu-submenu-inline"
      role="none"
    >
      <div
        aria-expanded="false"
        aria-haspopup="true"
        class="fishd-menu-submenu-title"
        role="menuitem"
        style="padding-left:24px"
        tabindex="-1"
      >
        <span
          class="fishd-menu-title-content"
        >
          <span>
            Navigation Two
          </span>
        </span>
        <i
          class="fishd-menu-submenu-arrow"
        />
      </div>
    </li>
    <li
      class="fishd-menu-submenu fishd-menu-submenu-inline"
      role="none"
    >
      <div
        aria-expanded="false"
        aria-haspopup="true"
        class="fishd-menu-submenu-title"
        role="menuitem"
        style="padding-left:24px"
        tabindex="-1"
      >
        <span
          class="fishd-menu-title-content"
        >
          <span>
            Navigation Three
          </span>
        </span>
        <i
          class="fishd-menu-submenu-arrow"
        />
      </div>
    </li>
  </ul>
  <div
    aria-hidden="true"
    style="display:none"
  />
  <div>
    <span
      class="fishd-switch"
      tabindex="0"
    >
      <span
        class="fishd-switch-inner"
      />
      <span
        class="fishd-switch-wave"
      />
    </span>
     Change Mode
    <span
      class="fishd-divider"
      style="margin:0 1em"
    />
    <span
      class="fishd-switch"
      tabindex="0"
    >
      <span
        class="fishd-switch-inner"
      />
      <span
        class="fishd-switch-wave"
      />
    </span>
     Change Theme
    <br />
    <br />
    <ul
      class="fishd-menu fishd-menu-root fishd-menu-inline fishd-menu-light"
      data-menu-list="true"
      dir="ltr"
      role="menu"
      style="width:256px"
      tabindex="0"
    >
      <li
        class="fishd-menu-item fishd-menu-item-selected"
        role="menuitem"
        style="padding-left:24px"
        tabindex="-1"
      >
        <span
          class="fishd-menu-title-content"
        >
          <div
            class="img-icon-12 fishdicon"
          />
          Navigation One
        </span>
      </li>
      <li
        class="fishd-menu-item"
        role="menuitem"
        style="padding-left:24px"
        tabindex="-1"
      >
        <span
          class="fishd-menu-title-content"
        >
          <div
            class="img-icon-12 fishdicon"
          />
          Navigation Two
        </span>
      </li>
      <li
        class="fishd-menu-submenu fishd-menu-submenu-inline fishd-menu-submenu-open"
        role="none"
      >
        <div
          aria-expanded="true"
          aria-haspopup="true"
          class="fishd-menu-submenu-title"
          role="menuitem"
          style="padding-left:24px"
          tabindex="-1"
        >
          <span
            class="fishd-menu-title-content"
          >
            <span>
              <div
                class="img-icon-12 fishdicon"
              />
              <span>
                Navigation Three
              </span>
            </span>
          </span>
          <i
            class="fishd-menu-submenu-arrow"
          />
        </div>
        <ul
          class="fishd-menu fishd-menu-sub fishd-menu-inline"
          data-menu-list="true"
        >
          <li
            class="fishd-menu-item fishd-menu-item-only-child"
            role="menuitem"
            style="padding-left:48px"
            tabindex="-1"
          >
            <span
              class="fishd-menu-title-content"
            >
              Option 3
            </span>
          </li>
          <li
            class="fishd-menu-item fishd-menu-item-only-child"
            role="menuitem"
            style="padding-left:48px"
            tabindex="-1"
          >
            <span
              class="fishd-menu-title-content"
            >
              Option 4
            </span>
          </li>
          <li
            class="fishd-menu-submenu fishd-menu-submenu-inline"
            role="none"
          >
            <div
              aria-expanded="false"
              aria-haspopup="true"
              class="fishd-menu-submenu-title"
              role="menuitem"
              style="padding-left:48px"
              tabindex="-1"
            >
              <span
                class="fishd-menu-title-content"
              >
                Submenu
              </span>
              <i
                class="fishd-menu-submenu-arrow"
              />
            </div>
          </li>
        </ul>
      </li>
      <li
        class="fishd-menu-submenu fishd-menu-submenu-inline"
        role="none"
      >
        <div
          aria-expanded="false"
          aria-haspopup="true"
          class="fishd-menu-submenu-title"
          role="menuitem"
          style="padding-left:24px"
          tabindex="-1"
        >
          <span
            class="fishd-menu-title-content"
          >
            <span>
              <div
                class="img-icon-12 fishdicon"
              />
              <span>
                Navigation Four
              </span>
            </span>
          </span>
          <i
            class="fishd-menu-submenu-arrow"
          />
        </div>
      </li>
    </ul>
    <div
      aria-hidden="true"
      style="display:none"
    />
  </div>
</div>
`;
