// Jest Snapshot v1, https://goo.gl/fbAQLP

exports[`Renders message demo correctly 1`] = `
<div>
  <button
    class="fishd-btn fishd-btn-primary"
    type="button"
  >
    <span>
      Display normal message
    </span>
  </button>
  <div
    class="components-message-demo-other"
  >
    <button
      class="fishd-btn"
      type="button"
    >
      <span>
        Success
      </span>
    </button>
    <button
      class="fishd-btn"
      type="button"
    >
      <span>
        Error
      </span>
    </button>
    <button
      class="fishd-btn"
      type="button"
    >
      <span>
        Warning
      </span>
    </button>
  </div>
  <button
    class="fishd-btn"
    type="button"
  >
    <span>
      Customized display duration
    </span>
  </button>
  <button
    class="fishd-btn"
    type="button"
  >
    <span>
      Display a loading indicator
    </span>
  </button>
  <button
    class="fishd-btn"
    type="button"
  >
    <span>
      Display a sequence of message
    </span>
  </button>
</div>
`;
