// Jest Snapshot v1, https://goo.gl/fbAQLP

exports[`Renders badge demo correctly 1`] = `
<div>
  <div>
    <span
      class="fishd-badge"
    >
      <a
        class="head-example"
        href="#"
      />
      <sup
        class="fishd-scroll-number fishd-badge-count"
        data-show="true"
        title="5"
      >
        <span
          class="fishd-scroll-number-only"
          style="transition:none;-ms-transform:translateY(-1500%);-webkit-transform:translateY(-1500%);transform:translateY(-1500%)"
        >
          <p
            class=""
          >
            0
          </p>
          <p
            class=""
          >
            1
          </p>
          <p
            class=""
          >
            2
          </p>
          <p
            class=""
          >
            3
          </p>
          <p
            class=""
          >
            4
          </p>
          <p
            class=""
          >
            5
          </p>
          <p
            class=""
          >
            6
          </p>
          <p
            class=""
          >
            7
          </p>
          <p
            class=""
          >
            8
          </p>
          <p
            class=""
          >
            9
          </p>
          <p
            class=""
          >
            0
          </p>
          <p
            class=""
          >
            1
          </p>
          <p
            class=""
          >
            2
          </p>
          <p
            class=""
          >
            3
          </p>
          <p
            class=""
          >
            4
          </p>
          <p
            class="current"
          >
            5
          </p>
          <p
            class=""
          >
            6
          </p>
          <p
            class=""
          >
            7
          </p>
          <p
            class=""
          >
            8
          </p>
          <p
            class=""
          >
            9
          </p>
          <p
            class=""
          >
            0
          </p>
          <p
            class=""
          >
            1
          </p>
          <p
            class=""
          >
            2
          </p>
          <p
            class=""
          >
            3
          </p>
          <p
            class=""
          >
            4
          </p>
          <p
            class=""
          >
            5
          </p>
          <p
            class=""
          >
            6
          </p>
          <p
            class=""
          >
            7
          </p>
          <p
            class=""
          >
            8
          </p>
          <p
            class=""
          >
            9
          </p>
        </span>
      </sup>
    </span>
    <span
      class="fishd-badge"
    >
      <a
        class="head-example"
        href="#"
      />
      <sup
        class="fishd-scroll-number fishd-badge-count"
        data-show="true"
        title="0"
      >
        0
      </sup>
    </span>
  </div>
  <div>
    <span
      class="fishd-badge"
    >
      <a
        class="head-example"
        href="#"
      />
      <sup
        class="fishd-scroll-number fishd-badge-count fishd-badge-multiple-words"
        data-show="true"
        title="99"
      >
        <span
          class="fishd-scroll-number-only"
          style="transition:none;-ms-transform:translateY(-1900%);-webkit-transform:translateY(-1900%);transform:translateY(-1900%)"
        >
          <p
            class=""
          >
            0
          </p>
          <p
            class=""
          >
            1
          </p>
          <p
            class=""
          >
            2
          </p>
          <p
            class=""
          >
            3
          </p>
          <p
            class=""
          >
            4
          </p>
          <p
            class=""
          >
            5
          </p>
          <p
            class=""
          >
            6
          </p>
          <p
            class=""
          >
            7
          </p>
          <p
            class=""
          >
            8
          </p>
          <p
            class=""
          >
            9
          </p>
          <p
            class=""
          >
            0
          </p>
          <p
            class=""
          >
            1
          </p>
          <p
            class=""
          >
            2
          </p>
          <p
            class=""
          >
            3
          </p>
          <p
            class=""
          >
            4
          </p>
          <p
            class=""
          >
            5
          </p>
          <p
            class=""
          >
            6
          </p>
          <p
            class=""
          >
            7
          </p>
          <p
            class=""
          >
            8
          </p>
          <p
            class="current"
          >
            9
          </p>
          <p
            class=""
          >
            0
          </p>
          <p
            class=""
          >
            1
          </p>
          <p
            class=""
          >
            2
          </p>
          <p
            class=""
          >
            3
          </p>
          <p
            class=""
          >
            4
          </p>
          <p
            class=""
          >
            5
          </p>
          <p
            class=""
          >
            6
          </p>
          <p
            class=""
          >
            7
          </p>
          <p
            class=""
          >
            8
          </p>
          <p
            class=""
          >
            9
          </p>
        </span>
        <span
          class="fishd-scroll-number-only"
          style="transition:none;-ms-transform:translateY(-1900%);-webkit-transform:translateY(-1900%);transform:translateY(-1900%)"
        >
          <p
            class=""
          >
            0
          </p>
          <p
            class=""
          >
            1
          </p>
          <p
            class=""
          >
            2
          </p>
          <p
            class=""
          >
            3
          </p>
          <p
            class=""
          >
            4
          </p>
          <p
            class=""
          >
            5
          </p>
          <p
            class=""
          >
            6
          </p>
          <p
            class=""
          >
            7
          </p>
          <p
            class=""
          >
            8
          </p>
          <p
            class=""
          >
            9
          </p>
          <p
            class=""
          >
            0
          </p>
          <p
            class=""
          >
            1
          </p>
          <p
            class=""
          >
            2
          </p>
          <p
            class=""
          >
            3
          </p>
          <p
            class=""
          >
            4
          </p>
          <p
            class=""
          >
            5
          </p>
          <p
            class=""
          >
            6
          </p>
          <p
            class=""
          >
            7
          </p>
          <p
            class=""
          >
            8
          </p>
          <p
            class="current"
          >
            9
          </p>
          <p
            class=""
          >
            0
          </p>
          <p
            class=""
          >
            1
          </p>
          <p
            class=""
          >
            2
          </p>
          <p
            class=""
          >
            3
          </p>
          <p
            class=""
          >
            4
          </p>
          <p
            class=""
          >
            5
          </p>
          <p
            class=""
          >
            6
          </p>
          <p
            class=""
          >
            7
          </p>
          <p
            class=""
          >
            8
          </p>
          <p
            class=""
          >
            9
          </p>
        </span>
      </sup>
    </span>
    <span
      class="fishd-badge"
    >
      <a
        class="head-example"
        href="#"
      />
      <sup
        class="fishd-scroll-number fishd-badge-count fishd-badge-multiple-words"
        data-show="true"
        title="100"
      >
        99+
      </sup>
    </span>
    <span
      class="fishd-badge"
    >
      <a
        class="head-example"
        href="#"
      />
      <sup
        class="fishd-scroll-number fishd-badge-count fishd-badge-multiple-words"
        data-show="true"
        title="99"
      >
        10+
      </sup>
    </span>
    <span
      class="fishd-badge"
    >
      <a
        class="head-example"
        href="#"
      />
      <sup
        class="fishd-scroll-number fishd-badge-count fishd-badge-multiple-words"
        data-show="true"
        title="1000"
      >
        999+
      </sup>
    </span>
    <span
      class="fishd-badge"
    >
      <a
        class="head-example"
        href="#"
      />
      <sup
        class="fishd-scroll-number fishd-badge-count fishd-badge-multiple-words"
        data-show="true"
        title="1000"
      >
        ...
      </sup>
    </span>
  </div>
  <div>
    <span
      class="fishd-badge"
    >
      <div />
      <sup
        class="fishd-scroll-number fishd-badge-dot"
        data-show="true"
      />
    </span>
    <span
      class="fishd-badge"
    >
      <div />
    </span>
    <span
      class="fishd-badge"
    >
      <a
        href="#"
      >
        Link something
      </a>
      <sup
        class="fishd-scroll-number fishd-badge-dot"
        data-show="true"
      />
    </span>
  </div>
  <div>
    <span
      class="fishd-badge fishd-badge-status fishd-badge-not-a-wrapper"
    >
      <span
        class="fishd-badge-status-dot fishd-badge-status-success"
      />
      <span
        class="fishd-badge-status-text"
      />
    </span>
    <span
      class="fishd-badge fishd-badge-status fishd-badge-not-a-wrapper"
    >
      <span
        class="fishd-badge-status-dot fishd-badge-status-error"
      />
      <span
        class="fishd-badge-status-text"
      />
    </span>
    <span
      class="fishd-badge fishd-badge-status fishd-badge-not-a-wrapper"
    >
      <span
        class="fishd-badge-status-dot fishd-badge-status-default"
      />
      <span
        class="fishd-badge-status-text"
      />
    </span>
    <span
      class="fishd-badge fishd-badge-status fishd-badge-not-a-wrapper"
    >
      <span
        class="fishd-badge-status-dot fishd-badge-status-processing"
      />
      <span
        class="fishd-badge-status-text"
      />
    </span>
    <span
      class="fishd-badge fishd-badge-status fishd-badge-not-a-wrapper"
    >
      <span
        class="fishd-badge-status-dot fishd-badge-status-warning"
      />
      <span
        class="fishd-badge-status-text"
      />
    </span>
    <br />
    <span
      class="fishd-badge fishd-badge-status fishd-badge-not-a-wrapper"
    >
      <span
        class="fishd-badge-status-dot fishd-badge-status-success"
      />
      <span
        class="fishd-badge-status-text"
      >
        Success
      </span>
    </span>
    <br />
    <span
      class="fishd-badge fishd-badge-status fishd-badge-not-a-wrapper"
    >
      <span
        class="fishd-badge-status-dot fishd-badge-status-error"
      />
      <span
        class="fishd-badge-status-text"
      >
        Error
      </span>
    </span>
    <br />
    <span
      class="fishd-badge fishd-badge-status fishd-badge-not-a-wrapper"
    >
      <span
        class="fishd-badge-status-dot fishd-badge-status-default"
      />
      <span
        class="fishd-badge-status-text"
      >
        Default
      </span>
    </span>
    <br />
    <span
      class="fishd-badge fishd-badge-status fishd-badge-not-a-wrapper"
    >
      <span
        class="fishd-badge-status-dot fishd-badge-status-processing"
      />
      <span
        class="fishd-badge-status-text"
      >
        Processing
      </span>
    </span>
    <br />
    <span
      class="fishd-badge fishd-badge-status fishd-badge-not-a-wrapper"
    >
      <span
        class="fishd-badge-status-dot fishd-badge-status-warning"
      />
      <span
        class="fishd-badge-status-text"
      >
        Warning
      </span>
    </span>
  </div>
  <div>
    <span
      class="fishd-badge fishd-badge-not-a-wrapper"
    >
      <sup
        class="fishd-scroll-number fishd-badge-count fishd-badge-multiple-words"
        data-show="true"
        title="25"
      >
        <span
          class="fishd-scroll-number-only"
          style="transition:none;-ms-transform:translateY(-1200%);-webkit-transform:translateY(-1200%);transform:translateY(-1200%)"
        >
          <p
            class=""
          >
            0
          </p>
          <p
            class=""
          >
            1
          </p>
          <p
            class=""
          >
            2
          </p>
          <p
            class=""
          >
            3
          </p>
          <p
            class=""
          >
            4
          </p>
          <p
            class=""
          >
            5
          </p>
          <p
            class=""
          >
            6
          </p>
          <p
            class=""
          >
            7
          </p>
          <p
            class=""
          >
            8
          </p>
          <p
            class=""
          >
            9
          </p>
          <p
            class=""
          >
            0
          </p>
          <p
            class=""
          >
            1
          </p>
          <p
            class="current"
          >
            2
          </p>
          <p
            class=""
          >
            3
          </p>
          <p
            class=""
          >
            4
          </p>
          <p
            class=""
          >
            5
          </p>
          <p
            class=""
          >
            6
          </p>
          <p
            class=""
          >
            7
          </p>
          <p
            class=""
          >
            8
          </p>
          <p
            class=""
          >
            9
          </p>
          <p
            class=""
          >
            0
          </p>
          <p
            class=""
          >
            1
          </p>
          <p
            class=""
          >
            2
          </p>
          <p
            class=""
          >
            3
          </p>
          <p
            class=""
          >
            4
          </p>
          <p
            class=""
          >
            5
          </p>
          <p
            class=""
          >
            6
          </p>
          <p
            class=""
          >
            7
          </p>
          <p
            class=""
          >
            8
          </p>
          <p
            class=""
          >
            9
          </p>
        </span>
        <span
          class="fishd-scroll-number-only"
          style="transition:none;-ms-transform:translateY(-1500%);-webkit-transform:translateY(-1500%);transform:translateY(-1500%)"
        >
          <p
            class=""
          >
            0
          </p>
          <p
            class=""
          >
            1
          </p>
          <p
            class=""
          >
            2
          </p>
          <p
            class=""
          >
            3
          </p>
          <p
            class=""
          >
            4
          </p>
          <p
            class=""
          >
            5
          </p>
          <p
            class=""
          >
            6
          </p>
          <p
            class=""
          >
            7
          </p>
          <p
            class=""
          >
            8
          </p>
          <p
            class=""
          >
            9
          </p>
          <p
            class=""
          >
            0
          </p>
          <p
            class=""
          >
            1
          </p>
          <p
            class=""
          >
            2
          </p>
          <p
            class=""
          >
            3
          </p>
          <p
            class=""
          >
            4
          </p>
          <p
            class="current"
          >
            5
          </p>
          <p
            class=""
          >
            6
          </p>
          <p
            class=""
          >
            7
          </p>
          <p
            class=""
          >
            8
          </p>
          <p
            class=""
          >
            9
          </p>
          <p
            class=""
          >
            0
          </p>
          <p
            class=""
          >
            1
          </p>
          <p
            class=""
          >
            2
          </p>
          <p
            class=""
          >
            3
          </p>
          <p
            class=""
          >
            4
          </p>
          <p
            class=""
          >
            5
          </p>
          <p
            class=""
          >
            6
          </p>
          <p
            class=""
          >
            7
          </p>
          <p
            class=""
          >
            8
          </p>
          <p
            class=""
          >
            9
          </p>
        </span>
      </sup>
    </span>
    <span
      class="fishd-badge fishd-badge-not-a-wrapper"
    >
      <sup
        class="fishd-scroll-number fishd-badge-count"
        data-show="true"
        style="background-color:#fff;color:#999;box-shadow:0 0 0 1px #d9d9d9 inset"
        title="4"
      >
        <span
          class="fishd-scroll-number-only"
          style="transition:none;-ms-transform:translateY(-1400%);-webkit-transform:translateY(-1400%);transform:translateY(-1400%)"
        >
          <p
            class=""
          >
            0
          </p>
          <p
            class=""
          >
            1
          </p>
          <p
            class=""
          >
            2
          </p>
          <p
            class=""
          >
            3
          </p>
          <p
            class=""
          >
            4
          </p>
          <p
            class=""
          >
            5
          </p>
          <p
            class=""
          >
            6
          </p>
          <p
            class=""
          >
            7
          </p>
          <p
            class=""
          >
            8
          </p>
          <p
            class=""
          >
            9
          </p>
          <p
            class=""
          >
            0
          </p>
          <p
            class=""
          >
            1
          </p>
          <p
            class=""
          >
            2
          </p>
          <p
            class=""
          >
            3
          </p>
          <p
            class="current"
          >
            4
          </p>
          <p
            class=""
          >
            5
          </p>
          <p
            class=""
          >
            6
          </p>
          <p
            class=""
          >
            7
          </p>
          <p
            class=""
          >
            8
          </p>
          <p
            class=""
          >
            9
          </p>
          <p
            class=""
          >
            0
          </p>
          <p
            class=""
          >
            1
          </p>
          <p
            class=""
          >
            2
          </p>
          <p
            class=""
          >
            3
          </p>
          <p
            class=""
          >
            4
          </p>
          <p
            class=""
          >
            5
          </p>
          <p
            class=""
          >
            6
          </p>
          <p
            class=""
          >
            7
          </p>
          <p
            class=""
          >
            8
          </p>
          <p
            class=""
          >
            9
          </p>
        </span>
      </sup>
    </span>
    <span
      class="fishd-badge fishd-badge-not-a-wrapper"
    >
      <sup
        class="fishd-scroll-number fishd-badge-count fishd-badge-multiple-words"
        data-show="true"
        style="background-color:#52c41a"
        title="109"
      >
        99+
      </sup>
    </span>
  </div>
  <a
    href="#"
  >
    <span
      class="fishd-badge"
    >
      <span
        class="head-example"
      />
      <sup
        class="fishd-scroll-number fishd-badge-count"
        data-show="true"
        title="5"
      >
        <span
          class="fishd-scroll-number-only"
          style="transition:none;-ms-transform:translateY(-1500%);-webkit-transform:translateY(-1500%);transform:translateY(-1500%)"
        >
          <p
            class=""
          >
            0
          </p>
          <p
            class=""
          >
            1
          </p>
          <p
            class=""
          >
            2
          </p>
          <p
            class=""
          >
            3
          </p>
          <p
            class=""
          >
            4
          </p>
          <p
            class=""
          >
            5
          </p>
          <p
            class=""
          >
            6
          </p>
          <p
            class=""
          >
            7
          </p>
          <p
            class=""
          >
            8
          </p>
          <p
            class=""
          >
            9
          </p>
          <p
            class=""
          >
            0
          </p>
          <p
            class=""
          >
            1
          </p>
          <p
            class=""
          >
            2
          </p>
          <p
            class=""
          >
            3
          </p>
          <p
            class=""
          >
            4
          </p>
          <p
            class="current"
          >
            5
          </p>
          <p
            class=""
          >
            6
          </p>
          <p
            class=""
          >
            7
          </p>
          <p
            class=""
          >
            8
          </p>
          <p
            class=""
          >
            9
          </p>
          <p
            class=""
          >
            0
          </p>
          <p
            class=""
          >
            1
          </p>
          <p
            class=""
          >
            2
          </p>
          <p
            class=""
          >
            3
          </p>
          <p
            class=""
          >
            4
          </p>
          <p
            class=""
          >
            5
          </p>
          <p
            class=""
          >
            6
          </p>
          <p
            class=""
          >
            7
          </p>
          <p
            class=""
          >
            8
          </p>
          <p
            class=""
          >
            9
          </p>
        </span>
      </sup>
    </span>
  </a>
  <div>
    <div>
      <span
        class="fishd-badge"
      >
        <a
          class="head-example"
          href="#"
        />
        <sup
          class="fishd-scroll-number fishd-badge-count"
          data-show="true"
          title="5"
        >
          <span
            class="fishd-scroll-number-only"
            style="transition:none;-ms-transform:translateY(-1500%);-webkit-transform:translateY(-1500%);transform:translateY(-1500%)"
          >
            <p
              class=""
            >
              0
            </p>
            <p
              class=""
            >
              1
            </p>
            <p
              class=""
            >
              2
            </p>
            <p
              class=""
            >
              3
            </p>
            <p
              class=""
            >
              4
            </p>
            <p
              class=""
            >
              5
            </p>
            <p
              class=""
            >
              6
            </p>
            <p
              class=""
            >
              7
            </p>
            <p
              class=""
            >
              8
            </p>
            <p
              class=""
            >
              9
            </p>
            <p
              class=""
            >
              0
            </p>
            <p
              class=""
            >
              1
            </p>
            <p
              class=""
            >
              2
            </p>
            <p
              class=""
            >
              3
            </p>
            <p
              class=""
            >
              4
            </p>
            <p
              class="current"
            >
              5
            </p>
            <p
              class=""
            >
              6
            </p>
            <p
              class=""
            >
              7
            </p>
            <p
              class=""
            >
              8
            </p>
            <p
              class=""
            >
              9
            </p>
            <p
              class=""
            >
              0
            </p>
            <p
              class=""
            >
              1
            </p>
            <p
              class=""
            >
              2
            </p>
            <p
              class=""
            >
              3
            </p>
            <p
              class=""
            >
              4
            </p>
            <p
              class=""
            >
              5
            </p>
            <p
              class=""
            >
              6
            </p>
            <p
              class=""
            >
              7
            </p>
            <p
              class=""
            >
              8
            </p>
            <p
              class=""
            >
              9
            </p>
          </span>
        </sup>
      </span>
      <div
        class="fishd-btn-group"
      >
        <button
          class="fishd-btn"
          type="button"
        >
          <span>
            -
          </span>
        </button>
        <button
          class="fishd-btn"
          type="button"
        >
          <span>
            +
          </span>
        </button>
      </div>
    </div>
    <div
      style="margin-top:10px"
    >
      <span
        class="fishd-badge"
      >
        <a
          class="head-example"
          href="#"
        />
        <sup
          class="fishd-scroll-number fishd-badge-dot"
          data-show="true"
        />
      </span>
      <span
        checked=""
        class="fishd-switch fishd-switch-checked"
        tabindex="0"
      >
        <span
          class="fishd-switch-inner"
        />
      </span>
    </div>
  </div>
  <div>
    <span
      class="fishd-badge"
    >
      <a
        class="head-example"
        href="#"
      />
      <sup
        class="fishd-scroll-number fishd-badge-count"
        data-show="true"
        title="Custom hover text"
      >
        <span
          class="fishd-scroll-number-only"
          style="transition:none;-ms-transform:translateY(-1500%);-webkit-transform:translateY(-1500%);transform:translateY(-1500%)"
        >
          <p
            class=""
          >
            0
          </p>
          <p
            class=""
          >
            1
          </p>
          <p
            class=""
          >
            2
          </p>
          <p
            class=""
          >
            3
          </p>
          <p
            class=""
          >
            4
          </p>
          <p
            class=""
          >
            5
          </p>
          <p
            class=""
          >
            6
          </p>
          <p
            class=""
          >
            7
          </p>
          <p
            class=""
          >
            8
          </p>
          <p
            class=""
          >
            9
          </p>
          <p
            class=""
          >
            0
          </p>
          <p
            class=""
          >
            1
          </p>
          <p
            class=""
          >
            2
          </p>
          <p
            class=""
          >
            3
          </p>
          <p
            class=""
          >
            4
          </p>
          <p
            class="current"
          >
            5
          </p>
          <p
            class=""
          >
            6
          </p>
          <p
            class=""
          >
            7
          </p>
          <p
            class=""
          >
            8
          </p>
          <p
            class=""
          >
            9
          </p>
          <p
            class=""
          >
            0
          </p>
          <p
            class=""
          >
            1
          </p>
          <p
            class=""
          >
            2
          </p>
          <p
            class=""
          >
            3
          </p>
          <p
            class=""
          >
            4
          </p>
          <p
            class=""
          >
            5
          </p>
          <p
            class=""
          >
            6
          </p>
          <p
            class=""
          >
            7
          </p>
          <p
            class=""
          >
            8
          </p>
          <p
            class=""
          >
            9
          </p>
        </span>
      </sup>
    </span>
  </div>
</div>
`;
