// Jest Snapshot v1, https://goo.gl/fbAQLP

exports[`renders ./source/components/PicturePreview/demo/App.js correctly 1`] = `
initialize {
  "options": Object {
    "decodeEntities": true,
    "normalizeWhitespace": false,
    "withDomLvl1": true,
    "xml": false,
  },
}
`;
