// Jest Snapshot v1, https://goo.gl/fbAQLP

exports[`Renders modal demo correctly 1`] = `
<div>
  <div>
    <button
      class="fishd-btn fishd-btn-primary"
      type="button"
    >
      <span>
        Open
      </span>
    </button>
  </div>
  <div>
    <button
      class="fishd-btn fishd-btn-primary"
      type="button"
    >
      <span>
        Open
      </span>
    </button>
  </div>
  <div
    class="demo-modal-btn-group"
  >
    <button
      class="fishd-btn"
      type="button"
    >
      <span>
        Confirm
      </span>
    </button>
    <button
      class="fishd-btn fishd-btn-dashed"
      type="button"
    >
      <span>
        Delete
      </span>
    </button>
  </div>
  <button
    class="fishd-btn"
    type="button"
  >
    <span>
      Confirm
    </span>
  </button>
  <div>
    <button
      class="fishd-btn fishd-btn-primary"
      type="button"
    >
      <span>
        Open
      </span>
    </button>
  </div>
  <div
    class="demo-modal-btn-group"
  >
    <button
      class="fishd-btn"
      type="button"
    >
      <span>
        Info
      </span>
    </button>
    <button
      class="fishd-btn"
      type="button"
    >
      <span>
        Success
      </span>
    </button>
    <button
      class="fishd-btn"
      type="button"
    >
      <span>
        Error
      </span>
    </button>
    <button
      class="fishd-btn"
      type="button"
    >
      <span>
        Warning
      </span>
    </button>
  </div>
  <div
    class="demo-modal-btn-group"
  >
    <button
      class="fishd-btn fishd-btn-primary"
      type="button"
    >
      <span>
        Modal
      </span>
    </button>
    <button
      class="fishd-btn"
      type="button"
    >
      <span>
        Confirm
      </span>
    </button>
  </div>
  <button
    class="fishd-btn"
    type="button"
  >
    <span>
      Success
    </span>
  </button>
  <div>
    <button
      class="fishd-btn fishd-btn-primary"
      type="button"
    >
      <span>
        Display a modal dialog at 20px to Top
      </span>
    </button>
  </div>
  <div>
    <button
      class="fishd-btn fishd-btn-primary"
      type="button"
    >
      <span>
        Open
      </span>
    </button>
  </div>
</div>
`;
