// Jest Snapshot v1, https://goo.gl/fbAQLP

exports[`Popover handles empty title/content props safely 1`] = `"<div class=\\"fishd-popover-content\\"><div class=\\"fishd-popover-arrow\\"></div><div class=\\"fishd-popover-inner\\"><div><div class=\\"fishd-popover-inner-content\\"></div></div></div></div>"`;

exports[`Popover should show overlay when trigger is clicked 1`] = `"<div class=\\"fishd-popover-content\\"><div class=\\"fishd-popover-arrow\\"></div><div class=\\"fishd-popover-inner\\"><div><div class=\\"fishd-popover-title\\">code</div><div class=\\"fishd-popover-inner-content\\">console.log('hello world')</div></div></div></div>"`;

exports[`Popover shows content for render functions 1`] = `"<div class=\\"fishd-popover-content\\"><div class=\\"fishd-popover-arrow\\"></div><div class=\\"fishd-popover-inner\\"><div><div class=\\"fishd-popover-title\\">some-title</div><div class=\\"fishd-popover-inner-content\\">some-content</div></div></div></div>"`;
