// Jest Snapshot v1, https://goo.gl/fbAQLP

exports[`Renders switch demo correctly 1`] = `
<div>
  <span
    class="fishd-switch fishd-switch-checked"
    tabindex="0"
  >
    <span
      class="fishd-switch-inner"
    />
    <span
      class="fishd-switch-wave"
    />
  </span>
  <div>
    <span
      class="fishd-switch fishd-switch-checked fishd-switch-disabled"
      tabindex="-1"
    >
      <span
        class="fishd-switch-inner"
      />
      <span
        class="fishd-switch-wave"
      />
    </span>
    <br />
    <button
      class="fishd-btn fishd-btn-primary"
      type="button"
    >
      <span>
        Toggle disabled
      </span>
    </button>
  </div>
  <div>
    <span
      class="fishd-switch fishd-switch-checked"
      tabindex="0"
    >
      <span
        class="fishd-switch-inner"
      >
        开
      </span>
      <span
        class="fishd-switch-wave"
      />
    </span>
    <br />
    <span
      class="fishd-switch"
      tabindex="0"
    >
      <span
        class="fishd-switch-inner"
      >
        0
      </span>
      <span
        class="fishd-switch-wave"
      />
    </span>
    <br />
    <span
      class="fishd-switch fishd-switch-checked"
      tabindex="0"
    >
      <span
        class="fishd-switch-inner"
      >
        <i
          class="fishdicon fishdicon-check"
        />
      </span>
      <span
        class="fishd-switch-wave"
      />
    </span>
  </div>
  <div>
    <span
      class="fishd-switch-small fishd-switch fishd-switch-checked"
      tabindex="0"
    >
      <span
        class="fishd-switch-inner"
      />
      <span
        class="fishd-switch-wave"
      />
    </span>
    <br />
    <span
      class="fishd-switch fishd-switch-checked"
      tabindex="0"
    >
      <span
        class="fishd-switch-inner"
      />
      <span
        class="fishd-switch-wave"
      />
    </span>
    <br />
    <span
      class="fishd-switch-large fishd-switch fishd-switch-checked"
      tabindex="0"
    >
      <span
        class="fishd-switch-inner"
      />
      <span
        class="fishd-switch-wave"
      />
    </span>
    <br />
    <span
      class="fishd-switch-small fishd-switch fishd-switch-checked"
      tabindex="0"
    >
      <span
        class="fishd-switch-inner"
      >
        开
      </span>
      <span
        class="fishd-switch-wave"
      />
    </span>
    <br />
    <span
      class="fishd-switch fishd-switch-checked"
      tabindex="0"
    >
      <span
        class="fishd-switch-inner"
      >
        开
      </span>
      <span
        class="fishd-switch-wave"
      />
    </span>
    <br />
    <span
      class="fishd-switch-large fishd-switch fishd-switch-checked"
      tabindex="0"
    >
      <span
        class="fishd-switch-inner"
      >
        开
      </span>
      <span
        class="fishd-switch-wave"
      />
    </span>
  </div>
  <div>
    <span
      class="fishd-switch-small fishd-switch-loading fishd-switch"
      tabindex="0"
    >
      <span
        class="fishd-switch-inner"
      />
      <span
        class="fishd-switch-wave"
      />
    </span>
    <br />
    <span
      class="fishd-switch-loading fishd-switch fishd-switch-checked"
      tabindex="0"
    >
      <span
        class="fishd-switch-inner"
      />
      <span
        class="fishd-switch-wave"
      />
    </span>
    <br />
    <span
      class="fishd-switch-large fishd-switch-loading fishd-switch"
      tabindex="0"
    >
      <span
        class="fishd-switch-inner"
      />
      <span
        class="fishd-switch-wave"
      />
    </span>
  </div>
</div>
`;
